Detecting compiler hash for triplet x64-windows...
-- Automatically setting %HTTP(S)_PROXY% environment variables to "127.0.0.1:10809".
Compiler found: C:/Program Files/Microsoft Visual Studio/18/Community/VC/Tools/MSVC/14.51.36231/bin/Hostx64/x64/cl.exe
The following packages will be built and installed:
  * asio:x64-windows@1.32.0
    crow:x64-windows@1.3.4
  * libpq[core,lz4,openssl,zlib]:x64-windows@18.4
    libpqxx:x64-windows@8.0.2
  * lz4:x64-windows@1.10.0
  * openssl:x64-windows@3.6.5
  * vcpkg-cmake:x64-windows@2025-08-07
  * vcpkg-cmake-config:x64-windows@2026-07-21
  * vcpkg-cmake-get-vars:x64-windows@2025-05-29
  * vcpkg-get-python-packages:x64-windows@2025-04-05
  * vcpkg-tool-meson:x64-windows@1.9.0#10
  * zlib:x64-windows@1.3.2#2
Additional packages (*) will be modified to complete this operation.
Restored 12 package(s) from C:\Users\Lenovo\AppData\Local\vcpkg\archives in 5.8 s. Use --debug to see more details.
Installing 1/12 vcpkg-cmake-config:x64-windows@2026-07-21...
vcpkg-cmake-config:x64-windows@2026-07-21 package ABI: 8f332df66dca12e05008b2a5a65977e86eaf4279eddce4319be35e948547c46d
Elapsed time to handle vcpkg-cmake-config:x64-windows: 20 ms
Installing 2/12 vcpkg-cmake:x64-windows@2025-08-07...
vcpkg-cmake:x64-windows@2025-08-07 package ABI: ecf73f4a8e1b5401cc78ad6ecd128cf5514a12715d377f8ed84ea4eb0c04292a
Elapsed time to handle vcpkg-cmake:x64-windows: 23.3 ms
Installing 3/12 asio:x64-windows@1.32.0...
asio:x64-windows@1.32.0 package ABI: 3a61303b2ed49279c51ccf4299b7a305b30569abfb8445821a1e93ff98d315e2
Elapsed time to handle asio:x64-windows: 143 ms
Installing 4/12 crow:x64-windows@1.3.4...
crow:x64-windows@1.3.4 package ABI: eb11feca882802472f97f56f9e5cbae0df191b0ee2aaea096b67acbf80fe3a2f
Elapsed time to handle crow:x64-windows: 31.5 ms
Installing 5/12 vcpkg-get-python-packages:x64-windows@2025-04-05...
vcpkg-get-python-packages:x64-windows@2025-04-05 package ABI: a88e7e6e5fed34c9109fc12b6a27c0bdbbc43e9e66be92dd0c6a0bf26b5992bd
Elapsed time to handle vcpkg-get-python-packages:x64-windows: 24.4 ms
Installing 6/12 zlib:x64-windows@1.3.2#2...
zlib:x64-windows@1.3.2#2 package ABI: 930e97e63e2b431158ebf6f3c009297cd5632080b65527e4795a48d4950ced37
Elapsed time to handle zlib:x64-windows: 32.9 ms
Installing 7/12 vcpkg-cmake-get-vars:x64-windows@2025-05-29...
vcpkg-cmake-get-vars:x64-windows@2025-05-29 package ABI: 38e1a9209490c94eaf41db41d3cc7e48dd89f72da5882d9afb9112bd59ad9207
Elapsed time to handle vcpkg-cmake-get-vars:x64-windows: 73.8 ms
Installing 8/12 openssl:x64-windows@3.6.5...
openssl:x64-windows@3.6.5 package ABI: d3e04bbe9150f73c3bb2acf8c05f4c45b4f1f3f8fe10360d8890adf183fab479
Elapsed time to handle openssl:x64-windows: 65.1 ms
Installing 9/12 lz4:x64-windows@1.10.0...
lz4:x64-windows@1.10.0 package ABI: 719cacd15572a79b06f800f1d3b334655e436c7b2048aa47801b4f1cd0b8debe
Elapsed time to handle lz4:x64-windows: 31.1 ms
Installing 10/12 vcpkg-tool-meson:x64-windows@1.9.0#10...
vcpkg-tool-meson:x64-windows@1.9.0#10 package ABI: b9f4e6ea715658622883aaadb1e5b5cfcc7a4113e393a36fe6f629a7f78d2121
Elapsed time to handle vcpkg-tool-meson:x64-windows: 25.4 ms
Installing 11/12 libpq[core,lz4,openssl,zlib]:x64-windows@18.4...
libpq[core,lz4,openssl,zlib]:x64-windows@18.4 package ABI: 0ac8cf8db69863a918882effc0f40b8cf24d770b078c23c827f933087e2dfc77
Elapsed time to handle libpq:x64-windows: 216 ms
Installing 12/12 libpqxx:x64-windows@8.0.2...
libpqxx:x64-windows@8.0.2 package ABI: 82b540ef033b079d5dd4c3ef0e0748d39315f39965122e00ca6a88177f7e436d
Elapsed time to handle libpqxx:x64-windows: 59.8 ms
Installed contents are licensed to you by owners. Microsoft is not responsible for, nor does it grant any licenses to, third-party packages.
Packages installed in this vcpkg installation declare the following licenses:
Apache-2.0
BSD-2-Clause
BSD-3-Clause
BSL-1.0
ISC
MIT
PostgreSQL
Zlib
crow provides CMake targets:

  # this is heuristically generated, and may not be correct
  find_package(Crow CONFIG REQUIRED)
  target_link_libraries(main PRIVATE Crow::Crow)

libpqxx provides CMake targets:

  # this is heuristically generated, and may not be correct
  find_package(libpqxx CONFIG REQUIRED)
  target_link_libraries(main PRIVATE libpqxx::pqxx)

All requested installations completed successfully in: 768 ms
